C51 COMPILER V9.52.0.0   MAIN                                                              05/22/2018 11:57:49 PAGE 1   


C51 COMPILER V9.52.0.0, COMPILATION OF MODULE MAIN
OBJECT MODULE PLACED IN .\Obj\main.obj
COMPILER INVOKED BY: C:\Keil_v5\C51\BIN\C51.EXE Source\main.c LARGE REGFILE(.\Obj\Stepper.ORC) BROWSE INCDIR(.\Header) D
                    -EBUG OBJECTEXTEND PRINT(.\Lis\main.lst) TABS(2) OBJECT(.\Obj\main.obj)

line level    source

   1          #include <STC15F2K60S2.H>
   2          /* BLINKY.C - LED Flasher for the Keil MCBx51 Evaluation Board with 80C51 device*/
   3                            
   4          #include <REG51F.H>
*** WARNING C318 IN LINE 4 OF Source\main.c: can't open file 'REG51F.H'
   5          
   6          
   7          ///////////////////////////////////////////////////////
   8          // ISP Setting:
   9          // Input IRC frequency : 18.432MHZ
  10          ///////////////////////////////////////////////////////
  11          
  12          
  13          
  14          // When you have enabled the option Stop Program Execution with Serial
  15          // Interrupt, the Monitor-51 uses the serial interrupt of the UART.
  16          // It is therefore required to reserve the memory locations for the interrupt
  17          // vector.  You can do this by adding one of the following code lines:
  18          
  19          // char code reserve [3] _at_ 0x23;   // when using on-chip UART for communication
  20          // char code reserve [3] _at_  0x3;   // when using off-chip UART for communication
  21          void Wait_ms(int ms);
  22          
  23          void wait (void)  {                   /* wait function */
  24   1        ;                                   /* only to delay for LED flashes */
  25   1      }
  26          
  27          void main (void)  {
  28   1        unsigned int i, cycle;                     /* Delay var */
  29   1        unsigned char j;                    /* LED var */
  30   1        int num_of_round=4;
  31   1        int delay_time=30;
  32   1        //  int Gear_Ratio=64;
  33   1        //  float Step_angle=11.25;
  34   1        //  One revolution CCW using full step mode
  35   1        for (cycle = 0; cycle < 372*num_of_round; cycle++)
  36   1        {
  37   2            /*P3=0x13;
  38   2            Wait_ms(delay_time);
  39   2            P3=0x26;
  40   2            Wait_ms(delay_time);
  41   2            P3=0x4C;
  42   2            Wait_ms(delay_time);
  43   2            P3=0x89;
  44   2            Wait_ms(delay_time);*/
  45   2          
  46   2            P3=0x31;
  47   2            Wait_ms(delay_time);
  48   2            P3=0x62;
  49   2            Wait_ms(delay_time);
  50   2            P3=0xC4;
  51   2            Wait_ms(delay_time);
  52   2            P3=0x98;
  53   2            Wait_ms(delay_time);
C51 COMPILER V9.52.0.0   MAIN                                                              05/22/2018 11:57:49 PAGE 2   

  54   2          //==============================
  55   2          /*  P3=0x10;
  56   2            Wait_ms(delay_time);
  57   2            P3=0x30;
  58   2            Wait_ms(delay_time);
  59   2            P3=0x20;
  60   2            Wait_ms(delay_time);
  61   2            P3=0x60;
  62   2            Wait_ms(delay_time);    
  63   2            P3=0x40;
  64   2            Wait_ms(delay_time);
  65   2            P3=0xC0;
  66   2            Wait_ms(delay_time);
  67   2            P3=0x80;
  68   2            Wait_ms(delay_time);
  69   2            P3=0x90;
  70   2            Wait_ms(delay_time);  */
  71   2        }
  72   1      }
*** WARNING C280 IN LINE 28 OF Source\main.c: 'i': unreferenced local variable
*** WARNING C280 IN LINE 29 OF Source\main.c: 'j': unreferenced local variable
  73          
  74          void Wait_ms(int ms)
  75          {
  76   1        unsigned int De_Cnt;
  77   1        while( (ms--) != 0)
  78   1        {
  79   2          for(De_Cnt = 0; De_Cnt < 600; De_Cnt++); 
  80   2        }   
  81   1      }


MODULE INFORMATION:   STATIC OVERLAYABLE
   CODE SIZE        =    131    ----
   CONSTANT SIZE    =   ----    ----
   XDATA SIZE       =   ----       9
   PDATA SIZE       =   ----    ----
   DATA SIZE        =   ----    ----
   IDATA SIZE       =   ----    ----
   BIT SIZE         =   ----    ----
END OF MODULE INFORMATION.


C51 COMPILATION COMPLETE.  3 WARNING(S),  0 ERROR(S)
