C51 COMPILER V9.52.0.0   MAIN                                                              05/22/2018 13:56:36 PAGE 1   


C51 COMPILER V9.52.0.0, COMPILATION OF MODULE MAIN
OBJECT MODULE PLACED IN .\Obj\main.obj
COMPILER INVOKED BY: C:\Keil_v5\C51\BIN\C51.EXE Source\main.c LARGE REGFILE(.\Obj\DiaperStc.ORC) BROWSE INCDIR(.\Header)
                    - DEBUG OBJECTEXTEND PRINT(.\Lis\main.lst) TABS(2) OBJECT(.\Obj\main.obj)

line level    source

   1          #include <STC15F2K60S2.H>
   2          /* BLINKY.C - LED Flasher for the Keil MCBx51 Evaluation Board with 80C51 device*/
   3                            
   4          #include <REG51F.H>
*** WARNING C318 IN LINE 4 OF Source\main.c: can't open file 'REG51F.H'
   5          // Input IRX Frequency : 11.0592Mhz
   6          // Work with Motor VGSM3155, VGSM2436
   7          // uC can control by both 4-low bit and 4-high bit of PORT0.
   8          // When you have enabled the option Stop Program Execution with Serial
   9          // Interrupt, the Monitor-51 uses the serial interrupt of the UART.
  10          // It is therefore required to reserve the memory locations for the interrupt
  11          // vector.  You can do this by adding one of the following code lines:
  12          
  13          // char code reserve [3] _at_ 0x23;   // when using on-chip UART for communication
  14          // char code reserve [3] _at_  0x3;   // when using off-chip UART for communication
  15          
  16          void wait (void)  {                   /* wait function */
  17   1        ;                                   /* only to delay for LED flashes */
  18   1      }
  19          
  20          void main (void)  {
  21   1        unsigned int i, cycle;                     /* Delay var */
  22   1        unsigned char j;                    /* LED var */
  23   1        
  24   1        // One revolution CCW using full step mode
  25   1        //for (cycle = 0; cycle < 512*4; cycle++)
  26   1        while(1)
  27   1        {
  28   2            P0=0x13;
  29   2            for (i = 0; i < 2200; i++)  {  /* Delay for 10000 Counts */
  30   3              wait ();                       /* call wait function */
  31   3            }
  32   2            P0=0x26;
  33   2            for (i = 0; i < 2200; i++)  {  /* Delay for 10000 Counts */
  34   3              wait ();                       /* call wait function */
  35   3            }
  36   2            P0=0x4C;
  37   2            for (i = 0; i < 2200; i++)  {  /* Delay for 10000 Counts */
  38   3              wait ();                      /* call wait function */
  39   3            }
  40   2            P0=0x89;
  41   2            for (i = 0; i < 2200; i++)  {  /* Delay for 10000 Counts */
  42   3              wait ();                       /* call wait function */
  43   3            }
  44   2        }
  45   1      }
*** WARNING C280 IN LINE 21 OF Source\main.c: 'cycle': unreferenced local variable
*** WARNING C280 IN LINE 22 OF Source\main.c: 'j': unreferenced local variable


MODULE INFORMATION:   STATIC OVERLAYABLE
   CODE SIZE        =     86    ----
   CONSTANT SIZE    =   ----    ----
   XDATA SIZE       =   ----       3
C51 COMPILER V9.52.0.0   MAIN                                                              05/22/2018 13:56:36 PAGE 2   

   PDATA SIZE       =   ----    ----
   DATA SIZE        =   ----    ----
   IDATA SIZE       =   ----    ----
   BIT SIZE         =   ----    ----
END OF MODULE INFORMATION.


C51 COMPILATION COMPLETE.  3 WARNING(S),  0 ERROR(S)
